// Jest Snapshot v1, https://goo.gl/fbAQLP

exports[`Shares List Shares component 1`] = `
.c0 {
  margin-left: 190px;
  padding-top: 48px;
  padding-bottom: 14px;
  padding-left: 14px;
  padding-right: 0;
  background-color: #fff;
}

.c1 {
  padding-top: 14px;
  padding-bottom: 14px;
  padding-left: 204px;
  padding-right: 14px;
  width: 100%;
  height: 55px;
  background-color: #fff;
}

.c9 {
  padding-top: 55px;
  padding-right: 14px;
}

.c2 {
  position: absolute;
  top: 48px;
  left: 0;
}

.c4 {
  display: -webkit-box;
  display: -webkit-flex;
  display: -ms-flexbox;
  display: flex;
}

.c6 {
  cursor: inherit;
  font-size: 20px;
}

.c11 {
  cursor: inherit;
  font-size: 24px;
  text-align: center;
  margin: 0;
  font-weight: 400;
}

.c5 {
  border-bottom: 2px solid #c9d3df;
  cursor: pointer;
}

.c7 {
  cursor: pointer;
  margin-right: 1em;
  border-bottom: 3px solid #006aff;
}

.c8 {
  cursor: pointer;
  margin-right: 1em;
}

.c3 {
  position: fixed;
  z-index: 50;
}

@media screen and (min-width:768px) and (max-width:1023px) {
  .c10 {
    display: none;
  }
}

@media screen and (min-width:1024px) and (max-width:1279px) {
  .c10 {
    display: none;
  }
}

@media screen and (min-width:1280px) {
  .c10 {
    display: none;
  }
}

<div
  className="c0"
>
  <div
    className="c1 c2 c3"
    height={55}
    width={1}
  >
    <div
      className="c4 c5"
    >
      <div
        className="c6 c7"
        cursor="inherit"
        fontSize={3}
        onClick={[Function]}
        selected={true}
      >
        Shared with Me
      </div>
      <div
        className="c6 c8"
        cursor="inherit"
        fontSize={3}
        onClick={[Function]}
        selected={false}
      >
        Shared by Me
      </div>
    </div>
  </div>
  <div
    className="c9"
  >
    <div
      className="c10"
    />
    <h3
      className="c11"
      cursor="inherit"
      fontSize={4}
    >
      No shares
      <br />
      <small>
        Files shared will appear here.
      </small>
    </h3>
  </div>
</div>
`;
