// Jest Snapshot v1, https://goo.gl/fbAQLP

exports[`Search mount 1`] = `
.c4 {
  display: -webkit-box;
  display: -webkit-flex;
  display: -ms-flexbox;
  display: flex;
}

.c0 {
  margin-left: 190px;
  padding-top: 48px;
  padding-bottom: 14px;
  padding-left: 14px;
  padding-right: 0;
  background-color: #fff;
}

.c1 {
  padding-top: 14px;
  padding-bottom: 14px;
  padding-left: 204px;
  padding-right: 14px;
  width: 100%;
  height: 96px;
  background-color: #fff;
}

.c9 {
  margin-left: auto;
}

.c10 {
  margin-top: 8px;
  margin-bottom: 8px;
}

.c15 {
  padding-top: 96px;
  padding-right: 14px;
}

.c2 {
  position: absolute;
  top: 48px;
  left: 0;
}

.c14 {
  -webkit-flex: none;
  -ms-flex: none;
  flex: none;
  vertical-align: middle;
  cursor: inherit;
  margin-left: .7em;
}

.c6 {
  cursor: pointer;
  font-size: 20px;
  margin-right: 1em;
}

.c12 {
  cursor: pointer;
}

.c13 {
  cursor: inherit;
}

.c11 {
  position: relative;
  display: inline-block;
}

.c11:hover > div {
  display: block;
}

.c5 {
  border-bottom: 2px solid #c9d3df;
  cursor: pointer;
}

.c7 {
  cursor: pointer;
  margin-right: 1em;
}

.c3 {
  position: fixed;
  z-index: 50;
}

@media screen and (max-width:511px) {
  .c8 {
    display: none;
  }
}

@media screen and (min-width:512px) and (max-width:639px) {
  .c8 {
    display: none;
  }
}

@media screen and (min-width:640px) and (max-width:767px) {
  .c8 {
    display: none;
  }
}

@media screen and (min-width:768px) and (max-width:1023px) {
  .c16 {
    display: none;
  }
}

@media screen and (min-width:1024px) and (max-width:1279px) {
  .c16 {
    display: none;
  }
}

@media screen and (min-width:1280px) {
  .c16 {
    display: none;
  }
}

<div
  className="c0"
>
  <div
    className="c1 c2 c3"
    height={96}
    width={1}
  >
    <div
      className="c4 c5"
    >
      <div
        className="c6 c7"
        cursor="pointer"
        fontSize={3}
        onClick={[Function]}
        selected={false}
      >
        Files
      </div>
      <div
        className="c6 c7"
        cursor="pointer"
        fontSize={3}
        onClick={[Function]}
        selected={false}
      >
        Applications
      </div>
    </div>
    <div
      className="c8"
    >
      <div
        className="c4"
      >
        <div
          className="c9"
        />
        <div
          className="c10"
        >
          <div
            className="c4"
          >
            <div
              className="c9"
            />
            <div
              className="c11"
              data-tag="dropdown"
            >
              <span
                className="c12"
                cursor="pointer"
                onClick={[Function]}
              >
                <span
                  className="c13"
                  cursor="inherit"
                >
                   
                  Files per page 25
                </span>
                <svg
                  className="c14"
                  clipRule="evenodd"
                  cursor="inherit"
                  fill="currentcolor"
                  fillRule="evenodd"
                  height=".7em"
                  ml=".7em"
                  viewBox="0 0 24 20"
                  width=".7em"
                >
                  <path
                    d="M11.998 19.999c-.598 0-1.028-.61-1.028-.61L.365 2.268C-.453 1.02.153 0 1.703 0h20.593c1.554 0 2.156 1.02 1.34 2.27l-10.61 17.121c0-.002-.43.608-1.028.608z"
                    fillRule="nonzero"
                  />
                </svg>
              </span>
            </div>
          </div>
        </div>
      </div>
    </div>
  </div>
  <div
    className="c15"
  >
    <div
      className="c16"
    />
  </div>
</div>
`;
